2026-06-02 09:28:05 [self-0003-1-defense] Connected
2026-06-02 09:28:05 [self-0003-1-defense] Room: https://bot.generals.io/games/TillTestRoom123_self_20260602_092803_0003
2026-06-02 09:28:05 [self-0003-1-defense] Reserve ab sichtbarem Turn: 231
2026-06-02 09:28:05 [self-0003-1-defense] City-Fokus ab sichtbarem Turn: 187
2026-06-02 09:28:05 [self-0003-1-defense] General-Angriff ab sichtbarem Turn: 209
2026-06-02 09:28:05 [self-0003-1-defense] Connected
2026-06-02 09:28:05 [self-0003-1-defense] Room: https://bot.generals.io/games/TillTestRoom123_self_20260602_092803_0003
2026-06-02 09:28:05 [self-0003-1-defense] Reserve ab sichtbarem Turn: 350
2026-06-02 09:28:05 [self-0003-1-defense] City-Fokus ab sichtbarem Turn: 123
2026-06-02 09:28:05 [self-0003-1-defense] General-Angriff ab sichtbarem Turn: 179
2026-06-02 09:28:05 [self-0003-1-defense] Connected
2026-06-02 09:28:05 [self-0003-1-defense] Room: https://bot.generals.io/games/TillTestRoom123_self_20260602_092803_0003
2026-06-02 09:28:05 [self-0003-1-defense] Reserve ab sichtbarem Turn: 379
2026-06-02 09:28:05 [self-0003-1-defense] City-Fokus ab sichtbarem Turn: 186
2026-06-02 09:28:05 [self-0003-1-defense] General-Angriff ab sichtbarem Turn: 149
2026-06-02 09:28:06 [self-0003-1-defense] SET_USERNAME: ['error_set_username', '']
2026-06-02 09:28:06 [self-0003-1-defense] Username could not be set; bot will not start.
2026-06-02 09:28:07 [self-0003-1-defense] Disconnected
2026-06-02 09:28:07 [self-0003-1-defense] SET_USERNAME: ['error_set_username', '']
2026-06-02 09:28:07 [self-0003-1-defense] Username could not be set; bot will not start.
2026-06-02 09:28:07 [self-0003-1-defense] SET_USERNAME: ['error_set_username', '']
2026-06-02 09:28:07 [self-0003-1-defense] Username could not be set; bot will not start.
2026-06-02 09:28:07 [self-0003-1-defense] Disconnected
2026-06-02 09:28:07 [self-0003-1-defense] Disconnected
