2026-06-02 09:28:05 [self-0003-0-attack] Connected
2026-06-02 09:28:05 [self-0003-0-attack] Room: https://bot.generals.io/games/TillTestRoom123_self_20260602_092803_0003
2026-06-02 09:28:05 [self-0003-0-attack] Reserve ab sichtbarem Turn: 382
2026-06-02 09:28:05 [self-0003-0-attack] City-Fokus ab sichtbarem Turn: 160
2026-06-02 09:28:05 [self-0003-0-attack] General-Angriff ab sichtbarem Turn: 154
2026-06-02 09:28:05 [self-0003-0-attack] Connected
2026-06-02 09:28:05 [self-0003-0-attack] Room: https://bot.generals.io/games/TillTestRoom123_self_20260602_092803_0003
2026-06-02 09:28:05 [self-0003-0-attack] Reserve ab sichtbarem Turn: 358
2026-06-02 09:28:05 [self-0003-0-attack] City-Fokus ab sichtbarem Turn: 61
2026-06-02 09:28:05 [self-0003-0-attack] General-Angriff ab sichtbarem Turn: 135
2026-06-02 09:28:05 [self-0003-0-attack] Connected
2026-06-02 09:28:05 [self-0003-0-attack] Room: https://bot.generals.io/games/TillTestRoom123_self_20260602_092803_0003
2026-06-02 09:28:05 [self-0003-0-attack] Reserve ab sichtbarem Turn: 469
2026-06-02 09:28:05 [self-0003-0-attack] City-Fokus ab sichtbarem Turn: 174
2026-06-02 09:28:05 [self-0003-0-attack] General-Angriff ab sichtbarem Turn: 96
2026-06-02 09:28:06 [self-0003-0-attack] SET_USERNAME: ['error_set_username', '']
2026-06-02 09:28:06 [self-0003-0-attack] Username could not be set; bot will not start.
2026-06-02 09:28:07 [self-0003-0-attack] Disconnected
2026-06-02 09:28:07 [self-0003-0-attack] SET_USERNAME: ['error_set_username', '']
2026-06-02 09:28:07 [self-0003-0-attack] Username could not be set; bot will not start.
2026-06-02 09:28:07 [self-0003-0-attack] SET_USERNAME: ['error_set_username', '']
2026-06-02 09:28:07 [self-0003-0-attack] Username could not be set; bot will not start.
2026-06-02 09:28:07 [self-0003-0-attack] Disconnected
2026-06-02 09:28:07 [self-0003-0-attack] Disconnected
